library:
  main_module: StdJaReport
  source_directories:
  - ./src
  test_directories: []
