library:
  main_module: Proof
  source_directories:
  - ./src
  test_directories: []
