library:
  main_module: Stdlib
  source_directories:
  - ./src
  test_directories:
  - ./test
