library:
  main_module: Annot
  source_directories:
  - ./src
  test_directories: []
