saphe: ^0.1.0-alpha.1
locks: []
dependencies: []
test_dependencies: []
