saphe: ^0.0.1
locks:
- name: registered.6f2b80e9bb7c4e8af2104999fc25dbb3.annot.0.0.1
  dependencies:
  - name: registered.6f2b80e9bb7c4e8af2104999fc25dbb3.stdlib.0.0.1
    used_as: Stdlib
  test_only: false
  registered:
    registry_hash_value: 6f2b80e9bb7c4e8af2104999fc25dbb3
    package_name: annot
    version: 0.0.1
- name: registered.6f2b80e9bb7c4e8af2104999fc25dbb3.code.0.0.1
  dependencies:
  - name: registered.6f2b80e9bb7c4e8af2104999fc25dbb3.stdlib.0.0.1
    used_as: Stdlib
  - name: registered.6f2b80e9bb7c4e8af2104999fc25dbb3.font-latin-modern.0.0.1
    used_as: FontLatinModern
  test_only: false
  registered:
    registry_hash_value: 6f2b80e9bb7c4e8af2104999fc25dbb3
    package_name: code
    version: 0.0.1
- name: registered.6f2b80e9bb7c4e8af2104999fc25dbb3.font-ipa-ex.0.0.1
  dependencies: []
  test_only: false
  registered:
    registry_hash_value: 6f2b80e9bb7c4e8af2104999fc25dbb3
    package_name: font-ipa-ex
    version: 0.0.1
- name: registered.6f2b80e9bb7c4e8af2104999fc25dbb3.font-junicode.0.0.1
  dependencies: []
  test_only: false
  registered:
    registry_hash_value: 6f2b80e9bb7c4e8af2104999fc25dbb3
    package_name: font-junicode
    version: 0.0.1
- name: registered.6f2b80e9bb7c4e8af2104999fc25dbb3.font-latin-modern.0.0.1
  dependencies: []
  test_only: false
  registered:
    registry_hash_value: 6f2b80e9bb7c4e8af2104999fc25dbb3
    package_name: font-latin-modern
    version: 0.0.1
- name: registered.6f2b80e9bb7c4e8af2104999fc25dbb3.font-latin-modern-math.0.0.1
  dependencies: []
  test_only: false
  registered:
    registry_hash_value: 6f2b80e9bb7c4e8af2104999fc25dbb3
    package_name: font-latin-modern-math
    version: 0.0.1
- name: registered.6f2b80e9bb7c4e8af2104999fc25dbb3.hyph-english.0.0.1
  dependencies: []
  test_only: false
  registered:
    registry_hash_value: 6f2b80e9bb7c4e8af2104999fc25dbb3
    package_name: hyph-english
    version: 0.0.1
- name: registered.6f2b80e9bb7c4e8af2104999fc25dbb3.math.0.0.1
  dependencies:
  - name: registered.6f2b80e9bb7c4e8af2104999fc25dbb3.stdlib.0.0.1
    used_as: Stdlib
  test_only: false
  registered:
    registry_hash_value: 6f2b80e9bb7c4e8af2104999fc25dbb3
    package_name: math
    version: 0.0.1
- name: registered.6f2b80e9bb7c4e8af2104999fc25dbb3.proof.0.0.1
  dependencies:
  - name: registered.6f2b80e9bb7c4e8af2104999fc25dbb3.stdlib.0.0.1
    used_as: Stdlib
  test_only: false
  registered:
    registry_hash_value: 6f2b80e9bb7c4e8af2104999fc25dbb3
    package_name: proof
    version: 0.0.1
- name: registered.6f2b80e9bb7c4e8af2104999fc25dbb3.std-ja.0.0.1
  dependencies:
  - name: registered.6f2b80e9bb7c4e8af2104999fc25dbb3.stdlib.0.0.1
    used_as: Stdlib
  - name: registered.6f2b80e9bb7c4e8af2104999fc25dbb3.math.0.0.1
    used_as: Math
  - name: registered.6f2b80e9bb7c4e8af2104999fc25dbb3.annot.0.0.1
    used_as: Annot
  - name: registered.6f2b80e9bb7c4e8af2104999fc25dbb3.code.0.0.1
    used_as: Code
  - name: registered.6f2b80e9bb7c4e8af2104999fc25dbb3.font-junicode.0.0.1
    used_as: FontJunicode
  - name: registered.6f2b80e9bb7c4e8af2104999fc25dbb3.font-latin-modern.0.0.1
    used_as: FontLatinModern
  - name: registered.6f2b80e9bb7c4e8af2104999fc25dbb3.font-ipa-ex.0.0.1
    used_as: FontIpaEx
  - name: registered.6f2b80e9bb7c4e8af2104999fc25dbb3.font-latin-modern-math.0.0.1
    used_as: FontLatinModernMath
  - name: registered.6f2b80e9bb7c4e8af2104999fc25dbb3.hyph-english.0.0.1
    used_as: HyphEnglish
  test_only: false
  registered:
    registry_hash_value: 6f2b80e9bb7c4e8af2104999fc25dbb3
    package_name: std-ja
    version: 0.0.1
- name: registered.6f2b80e9bb7c4e8af2104999fc25dbb3.stdlib.0.0.1
  dependencies: []
  test_only: false
  registered:
    registry_hash_value: 6f2b80e9bb7c4e8af2104999fc25dbb3
    package_name: stdlib
    version: 0.0.1
- name: registered.6f2b80e9bb7c4e8af2104999fc25dbb3.tabular.0.0.1
  dependencies:
  - name: registered.6f2b80e9bb7c4e8af2104999fc25dbb3.stdlib.0.0.1
    used_as: Stdlib
  test_only: false
  registered:
    registry_hash_value: 6f2b80e9bb7c4e8af2104999fc25dbb3
    package_name: tabular
    version: 0.0.1
dependencies:
- name: registered.6f2b80e9bb7c4e8af2104999fc25dbb3.math.0.0.1
  used_as: Math
- name: registered.6f2b80e9bb7c4e8af2104999fc25dbb3.proof.0.0.1
  used_as: Proof
- name: registered.6f2b80e9bb7c4e8af2104999fc25dbb3.std-ja.0.0.1
  used_as: StdJa
- name: registered.6f2b80e9bb7c4e8af2104999fc25dbb3.stdlib.0.0.1
  used_as: Stdlib
- name: registered.6f2b80e9bb7c4e8af2104999fc25dbb3.tabular.0.0.1
  used_as: Tabular
test_dependencies: []
