library:
  main_module: Unidata
  source_directories:
  - ./src
  test_directories: []
