library:
  main_module: Tabular
  source_directories:
  - ./src
  test_directories: []
