;;; generated automatically. DO NOT EDIT
;;; To update this file, you should run `dune runtest; dune promote`.

;; nx.saty
(UTLetNonRecIn (None,
   ((Range.Normal ("nx.saty", 1, 4, 1, 6)), (UTPVariable "xs")),
   (UTListCons ((UTIntegerConstant 1),
      (UTListCons ((UTIntegerConstant 2),
         (UTListCons ((UTIntegerConstant 3), UTEndOfList))))
      )),
   (UTLetNonRecIn (None,
      ((Range.Normal ("nx.saty", 2, 4, 2, 6)), (UTPVariable "ys")),
      (UTListCons ((UTIntegerConstant 1),
         (UTListCons ((UTIntegerConstant 2),
            (UTListCons ((UTIntegerConstant 3), UTEndOfList))))
         )),
      (UTLetNonRecIn (None,
         ((Range.Normal ("nx.saty", 4, 4, 4, 6)), (UTPVariable "r0")),
         (UTRecord []),
         (UTLetNonRecIn (None,
            ((Range.Normal ("nx.saty", 5, 4, 5, 6)), (UTPVariable "r1")),
            (UTRecord [("x", (UTIntegerConstant 1))]),
            (UTLetNonRecIn (None,
               ((Range.Normal ("nx.saty", 6, 4, 6, 6)), (UTPVariable "r2")),
               (UTRecord
                  [("x", (UTIntegerConstant 1)); ("y", (UTIntegerConstant 2))
                    ]),
               (UTLetNonRecIn (None,
                  ((Range.Normal ("nx.saty", 7, 4, 7, 10)),
                   (UTPVariable "r2semi")),
                  (UTRecord
                     [("x", (UTIntegerConstant 1));
                       ("y", (UTIntegerConstant 2))]),
                  (UTLetNonRecIn (None,
                     ((Range.Normal ("nx.saty", 9, 4, 9, 7)),
                      (UTPVariable "tp2")),
                     (UTTuple [(UTIntegerConstant 1); (UTIntegerConstant 2)]),
                     (UTLetNonRecIn (None,
                        ((Range.Normal ("nx.saty", 10, 4, 10, 7)),
                         (UTPVariable "tp3")),
                        (UTTuple
                           [(UTIntegerConstant 1); (UTIntegerConstant 2);
                             (UTIntegerConstant 3)]),
                        (UTLetNonRecIn (None,
                           ((Range.Normal ("nx.saty", 12, 4, 12, 11)),
                            (UTPVariable "op-test")),
                           (UTTuple
                              [((|| ((|| a) b)) c); ((&& ((&& a) b)) c);
                                ((== a) ((> b) ((< c) d)));
                                ((^ a) ((:: b) c)); ((+ a) ((+ b) c));
                                ((-' ((- a) b)) c);
                                ((+ a) ((+ ((- b) c)) d));
                                ((* a) ((*' b) ((/ c) ((mod d) e))));
                                ((* ((- (UTIntegerConstant 0)) a)) b);
                                ((|| a) ((&& a) ((== ((^ b) c)) ((> d) ((< e) ((^ f) ((:: g) ((+ h) ((-' ((- i) j)) ((* k) ((*' l) ((/ m) ((mod n) o)))))))))))));
                                ((* ((- (UTIntegerConstant 0)) a)) b);
                                ((* (not a)) b); ((* F(a)) b);
                                ((* A(U:())) b); ((+ a) (f b)); ((- f) b);
                                ((&& (not a)) b); ((|| a) (not b));
                                ((* a) (not b)); ((* a) F(b));
                                ((* a) B(U:())); ((* (not a)) b);
                                ((* F(a)) b); ((* A(U:())) b)]),
                           (UTLetNonRecIn (None,
                              ((Range.Normal ("nx.saty", 39, 4, 39, 10)),
                               (UTPVariable "uminus")),
                              (UTTuple
                                 [((- (UTIntegerConstant 0)) (UTIntegerConstant
                                                                1));
                                   ((- (UTIntegerConstant 0)) (UTIntegerConstant
                                                                 42));
                                   ((-. (UTFloatConstant 0.)) (UTFloatConstant
                                                                 1.));
                                   ((-. (UTFloatConstant 0.)) (UTFloatConstant
                                                                 3.14));
                                   L:-1.000000mm;
                                   ((-' L:0.000000cm) L:2.718280cm);
                                   ((- (UTIntegerConstant 0)) x);
                                   ((- (UTIntegerConstant 0)) x)]),
                              UTFinishHeaderFile))
                           ))
                        ))
                     ))
                  ))
               ))
            ))
         ))
      ))
   ))

;; variants.saty
(UTDeclareVariantIn (
   (UTMutualVariantCons ([], (Range.Normal ("variants.saty", 1, 5, 1, 6)),
      "t",
      [((Range.Normal ("variants.saty", 1, 9, 1, 10)), "X",
        ((Range.Dummy "dec-constructor-unit1"),
         (Types.MTypeName ([], [], "unit"))));
        ((Range.Normal ("variants.saty", 1, 13, 1, 14)), "Y",
         ((Range.Dummy "dec-constructor-unit1"),
          (Types.MTypeName ([], [], "unit"))))
        ],
      (UTMutualVariantCons ([], (Range.Normal ("variants.saty", 2, 4, 2, 5)),
         "s",
         [((Range.Normal ("variants.saty", 2, 8, 2, 9)), "Z",
           ((Range.Normal ("variants.saty", 2, 13, 2, 14)),
            (Types.MTypeName ([], [], "t"))));
           ((Range.Normal ("variants.saty", 2, 17, 2, 18)), "W",
            ((Range.Normal ("variants.saty", 2, 22, 2, 23)),
             (Types.MTypeName ([], [], "u"))))
           ],
         UTEndOfMutualVariant))
      )),
   UTFinishHeaderFile))

;; txprod.saty
(UTDeclareVariantIn (
   (UTMutualSynonymCons ([], (Range.Normal ("txprod.saty", 1, 5, 1, 6)), "t",
      ((Range.Normal ("txprod.saty", 1, 9, 1, 14)),
       (Types.MProductType
          [((Range.Normal ("txprod.saty", 1, 9, 1, 10)),
            (Types.MTypeName ([], [], "a")));
            ((Range.Normal ("txprod.saty", 1, 13, 1, 14)),
             (Types.MTypeName ([], [], "b")))
            ])),
      (UTMutualSynonymCons ([], (Range.Normal ("txprod.saty", 2, 4, 2, 5)),
         "s",
         ((Range.Normal ("txprod.saty", 2, 8, 2, 17)),
          (Types.MProductType
             [((Range.Normal ("txprod.saty", 2, 8, 2, 9)),
               (Types.MTypeName ([], [], "a")));
               ((Range.Normal ("txprod.saty", 2, 12, 2, 13)),
                (Types.MTypeName ([], [], "b")));
               ((Range.Normal ("txprod.saty", 2, 16, 2, 17)),
                (Types.MTypeName ([], [], "c")))
               ])),
         UTEndOfMutualVariant))
      )),
   UTFinishHeaderFile))

;; txlist.saty
(UTDeclareVariantIn (
   (UTMutualSynonymCons ([], (Range.Normal ("txlist.saty", 1, 5, 1, 6)), "t",
      ((Range.Normal ("txlist.saty", 1, 9, 1, 27)),
       (Types.MHorzCommandType
          [(Types.MMandatoryArgumentType
              ((Range.Normal ("txlist.saty", 1, 10, 1, 11)),
               (Types.MTypeName ([], [], "s"))));
            (Types.MOptionalArgumentType
               ((Range.Normal ("txlist.saty", 1, 13, 1, 14)),
                (Types.MTypeName ([], [], "u"))))
            ])),
      (UTMutualSynonymCons ([], (Range.Normal ("txlist.saty", 2, 4, 2, 5)),
         "t",
         ((Range.Normal ("txlist.saty", 2, 8, 2, 26)),
          (Types.MHorzCommandType
             [(Types.MOptionalArgumentType
                 ((Range.Normal ("txlist.saty", 2, 9, 2, 10)),
                  (Types.MTypeName ([], [], "s"))));
               (Types.MMandatoryArgumentType
                  ((Range.Normal ("txlist.saty", 2, 13, 2, 14)),
                   (Types.MTypeName ([], [], "u"))))
               ])),
         (UTMutualSynonymCons ([],
            (Range.Normal ("txlist.saty", 3, 4, 3, 5)), "t",
            ((Range.Normal ("txlist.saty", 3, 8, 3, 21)),
             (Types.MHorzCommandType [])),
            (UTMutualSynonymCons ([],
               (Range.Normal ("txlist.saty", 4, 4, 4, 5)), "t",
               ((Range.Normal ("txlist.saty", 4, 8, 4, 22)),
                (Types.MHorzCommandType
                   [(Types.MMandatoryArgumentType
                       ((Range.Normal ("txlist.saty", 4, 9, 4, 10)),
                        (Types.MTypeName ([], [], "s"))))
                     ])),
               (UTMutualSynonymCons ([],
                  (Range.Normal ("txlist.saty", 5, 4, 5, 5)), "t",
                  ((Range.Normal ("txlist.saty", 5, 8, 5, 23)),
                   (Types.MHorzCommandType
                      [(Types.MMandatoryArgumentType
                          ((Range.Normal ("txlist.saty", 5, 9, 5, 10)),
                           (Types.MTypeName ([], [], "s"))))
                        ])),
                  UTEndOfMutualVariant))
               ))
            ))
         ))
      )),
   UTFinishHeaderFile))

;; txrecord.saty
(UTDeclareVariantIn (
   (UTMutualSynonymCons ([], (Range.Normal ("txrecord.saty", 1, 5, 1, 6)),
      "t", ((Range.Normal ("txrecord.saty", 1, 9, 1, 25)), MRecordType(...)),
      (UTMutualSynonymCons ([], (Range.Normal ("txrecord.saty", 2, 4, 2, 5)),
         "t",
         ((Range.Normal ("txrecord.saty", 2, 8, 2, 25)), MRecordType(...)),
         (UTMutualSynonymCons ([],
            (Range.Normal ("txrecord.saty", 3, 4, 3, 5)), "t",
            ((Range.Normal ("txrecord.saty", 3, 8, 3, 18)), MRecordType(...)),
            UTEndOfMutualVariant))
         ))
      )),
   UTFinishHeaderFile))

;; pats.saty
(UTLetNonRecIn (None,
   ((Range.Normal ("pats.saty", 1, 4, 1, 14)), (UTPVariable "pats-test1")),
   (UTPatternMatch (a,
      [(UTPatternBranchWhen (
          ((Range.Normal ("pats.saty", 3, 4, 3, 5)), (UTPVariable "b")), c, d
          ));
        (UTPatternBranch (
           ((Range.Normal ("pats.saty", 4, 4, 4, 5)), (UTPVariable "b")), d))
        ]
      )),
   (UTLetNonRecIn (None,
      ((Range.Normal ("pats.saty", 6, 4, 6, 14)), (UTPVariable "pats-test2")),
      (UTPatternMatch (a,
         [(UTPatternBranch (
             ((Range.Normal ("pats.saty", 8, 4, 8, 5)), (UTPVariable "b")), d
             ));
           (UTPatternBranchWhen (
              ((Range.Normal ("pats.saty", 9, 4, 9, 5)), (UTPVariable "b")),
              c, d))
           ]
         )),
      UTFinishHeaderFile))
   ))

;; pattuple.saty
(UTLetNonRecIn (None,
   ((Range.Normal ("pattuple.saty", 1, 4, 1, 17)),
    (UTPVariable "pattuple-test")),
   (UTPatternMatch (a,
      [(UTPatternBranch (
          ((Range.Normal ("pattuple.saty", 3, 4, 3, 10)),
           (UTPTuple
              [((Range.Normal ("pattuple.saty", 3, 5, 3, 6)),
                (UTPVariable "b"));
                ((Range.Normal ("pattuple.saty", 3, 8, 3, 9)),
                 (UTPVariable "c"))
                ])),
          d))
        ]
      )),
   UTFinishHeaderFile))

;; patlist.saty
(UTLetNonRecIn (None,
   ((Range.Normal ("patlist.saty", 1, 4, 1, 12)), (UTPVariable "pat-test")),
   (UTPatternMatch (a,
      [(UTPatternBranch (
          ((Range.Normal ("patlist.saty", 3, 4, 3, 7)),
           (UTPListCons (
              ((Range.Normal ("patlist.saty", 3, 5, 3, 6)), (UTPVariable "b")),
              ((Range.Dummy "end-of-list-pattern"), UTPEndOfList)))),
          c));
        (UTPatternBranch (
           ((Range.Normal ("patlist.saty", 4, 4, 4, 10)),
            (UTPListCons (
               ((Range.Normal ("patlist.saty", 4, 5, 4, 6)),
                (UTPVariable "b")),
               ((Range.Normal ("patlist.saty", 4, 8, 4, 9)),
                (UTPListCons (
                   ((Range.Normal ("patlist.saty", 4, 8, 4, 9)),
                    (UTPVariable "c")),
                   ((Range.Dummy "end-of-list-pattern"), UTPEndOfList))))
               ))),
           d));
        (UTPatternBranch (
           ((Range.Normal ("patlist.saty", 5, 4, 5, 11)),
            (UTPListCons (
               ((Range.Normal ("patlist.saty", 5, 5, 5, 6)),
                (UTPVariable "b")),
               ((Range.Normal ("patlist.saty", 5, 8, 5, 9)),
                (UTPListCons (
                   ((Range.Normal ("patlist.saty", 5, 8, 5, 9)),
                    (UTPVariable "c")),
                   ((Range.Dummy "end-of-list-pattern"), UTPEndOfList))))
               ))),
           d))
        ]
      )),
   UTFinishHeaderFile))

;; sxlist.saty
(UTLetNonRecIn (None,
   ((Range.Normal ("sxlist.saty", 1, 4, 1, 5)), UTPWildCard), UTEndOfList,
   (UTLetNonRecIn (None,
      ((Range.Normal ("sxlist.saty", 2, 4, 2, 5)), UTPWildCard),
      (UTListCons ((UTInputHorz [IT:aa]),
         (UTListCons ((UTInputHorz [IT:bb]), UTEndOfList)))),
      UTFinishHeaderFile))
   ))

;; mathlist.saty
(UTLetNonRecIn (None,
   ((Range.Normal ("mathlist.saty", 1, 4, 1, 5)), UTPWildCard), UTEndOfList,
   (UTLetNonRecIn (None,
      ((Range.Normal ("mathlist.saty", 2, 4, 2, 5)), UTPWildCard),
      (UTListCons (
         (UTMath
            ((Range.Normal ("mathlist.saty", 2, 11, 2, 12)),
             (UTMList
                [((Range.Normal ("mathlist.saty", 2, 11, 2, 12)),
                  (UTMChars "a"))]))),
         (UTListCons (
            (UTMath
               ((Range.Normal ("mathlist.saty", 2, 13, 2, 15)),
                (UTMList
                   [((Range.Normal ("mathlist.saty", 2, 13, 2, 14)),
                     (UTMChars "a"));
                     ((Range.Normal ("mathlist.saty", 2, 14, 2, 15)),
                      (UTMChars "b"))
                     ]))),
            UTEndOfList))
         )),
      (UTLetNonRecIn (None,
         ((Range.Normal ("mathlist.saty", 4, 4, 4, 5)), UTPWildCard),
         (UTInputVert
            [BC:+p (UTMandatoryArgument
                      (UTInputHorz
                         [(UTInputHorzEmbeddedMath
                             (UTMath
                                ((Range.Normal ("mathlist.saty", 6, 6, 6, 7)),
                                 (UTMList
                                    [((Range.Normal ("mathlist.saty", 6, 6,
                                         6, 7)),
                                      (UTMChars "a"))]))));
                           IT:
;
                           (UTInputHorzEmbeddedMath
                              (UTMath
                                 ((Range.Normal ("mathlist.saty", 7, 6, 7, 9
                                     )),
                                  (UTMList
                                     [((Range.Normal ("mathlist.saty", 7, 6,
                                          7, 9)),
                                       (UTMSuperScript (
                                          ((Range.Normal ("mathlist.saty", 7,
                                              6, 7, 7)),
                                           (UTMChars "a")),
                                          false,
                                          ((Range.Normal ("mathlist.saty", 7,
                                              8, 7, 9)),
                                           (UTMChars "1"))
                                          )))
                                       ]))));
                           IT:
;
                           (UTInputHorzEmbeddedMath
                              (UTMath
                                 ((Range.Normal ("mathlist.saty", 8, 6, 8, 9
                                     )),
                                  (UTMList
                                     [((Range.Normal ("mathlist.saty", 8, 6,
                                          8, 9)),
                                       (UTMSubScript (
                                          ((Range.Normal ("mathlist.saty", 8,
                                              6, 8, 7)),
                                           (UTMChars "a")),
                                          false,
                                          ((Range.Normal ("mathlist.saty", 8,
                                              8, 8, 9)),
                                           (UTMChars "2"))
                                          )))
                                       ]))));
                           IT:
;
                           (UTInputHorzEmbeddedMath
                              (UTMath
                                 ((Range.Normal ("mathlist.saty", 9, 6, 9, 11
                                     )),
                                  (UTMList
                                     [((Range.Normal ("mathlist.saty", 9, 6,
                                          9, 11)),
                                       (UTMSuperScript (
                                          ((Range.Normal ("mathlist.saty", 9,
                                              6, 9, 9)),
                                           (UTMSubScript (
                                              ((Range.Normal (
                                                  "mathlist.saty", 9, 6, 9, 7
                                                  )),
                                               (UTMChars "a")),
                                              false,
                                              ((Range.Normal (
                                                  "mathlist.saty", 9, 8, 9, 9
                                                  )),
                                               (UTMChars "2"))
                                              ))),
                                          false,
                                          ((Range.Normal ("mathlist.saty", 9,
                                              10, 9, 11)),
                                           (UTMChars "1"))
                                          )))
                                       ]))));
                           IT:
;
                           (UTInputHorzEmbeddedMath
                              (UTMath
                                 ((Range.Normal ("mathlist.saty", 10, 6, 10,
                                     11)),
                                  (UTMList
                                     [((Range.Normal ("mathlist.saty", 10, 6,
                                          10, 11)),
                                       (UTMSuperScript (
                                          ((Range.Dummy "mathtop"),
                                           (UTMSubScript (
                                              ((Range.Normal (
                                                  "mathlist.saty", 10, 6, 10,
                                                  7)),
                                               (UTMChars "a")),
                                              false,
                                              ((Range.Normal (
                                                  "mathlist.saty", 10, 10,
                                                  10, 11)),
                                               (UTMChars "2"))
                                              ))),
                                          false,
                                          ((Range.Normal ("mathlist.saty",
                                              10, 8, 10, 9)),
                                           (UTMChars "1"))
                                          )))
                                       ]))));
                           IT:
;
                           (UTInputHorzEmbeddedMath
                              (UTMath
                                 ((Range.Normal ("mathlist.saty", 11, 6, 11,
                                     8)),
                                  (UTMList
                                     [((Range.Normal ("mathlist.saty", 11, 6,
                                          11, 8)),
                                       (UTMSuperScript (
                                          ((Range.Normal ("mathlist.saty",
                                              11, 6, 11, 7)),
                                           (UTMChars "a")),
                                          true,
                                          ((Range.Normal ("mathlist.saty",
                                              11, 7, 11, 8)),
                                           (UTMChars "′"))
                                          )))
                                       ]))));
                           IT:
;
                           (UTInputHorzEmbeddedMath
                              (UTMath
                                 ((Range.Normal ("mathlist.saty", 12, 6, 12,
                                     10)),
                                  (UTMList
                                     [((Range.Normal ("mathlist.saty", 12, 6,
                                          12, 10)),
                                       (UTMSuperScript (
                                          ((Range.Normal ("mathlist.saty",
                                              12, 6, 12, 7)),
                                           (UTMChars "a")),
                                          false,
                                          ((Range.Normal ("mathlist.saty",
                                              12, 7, 12, 10)),
                                           (UTMList
                                              [((Range.Normal (
                                                   "mathlist.saty", 12, 7,
                                                   12, 8)),
                                                (UTMChars "′"));
                                                ((Range.Normal (
                                                    "mathlist.saty", 12, 9,
                                                    12, 10)),
                                                 (UTMChars "1"))
                                                ]))
                                          )))
                                       ]))));
                           IT:
;
                           (UTInputHorzEmbeddedMath
                              (UTMath
                                 ((Range.Normal ("mathlist.saty", 13, 6, 13,
                                     10)),
                                  (UTMList
                                     [((Range.Normal ("mathlist.saty", 13, 6,
                                          13, 10)),
                                       (UTMSuperScript (
                                          ((Range.Dummy "mathtop"),
                                           (UTMSubScript (
                                              ((Range.Normal (
                                                  "mathlist.saty", 13, 6, 13,
                                                  7)),
                                               (UTMChars "a")),
                                              false,
                                              ((Range.Normal (
                                                  "mathlist.saty", 13, 9, 13,
                                                  10)),
                                               (UTMChars "2"))
                                              ))),
                                          true,
                                          ((Range.Normal ("mathlist.saty",
                                              13, 7, 13, 8)),
                                           (UTMChars "′"))
                                          )))
                                       ]))));
                           IT:
;
                           (UTInputHorzEmbeddedMath
                              (UTMath
                                 ((Range.Normal ("mathlist.saty", 14, 6, 14,
                                     12)),
                                  (UTMList
                                     [((Range.Normal ("mathlist.saty", 14, 6,
                                          14, 12)),
                                       (UTMSuperScript (
                                          ((Range.Dummy "mathtop"),
                                           (UTMSubScript (
                                              ((Range.Normal (
                                                  "mathlist.saty", 14, 6, 14,
                                                  7)),
                                               (UTMChars "a")),
                                              false,
                                              ((Range.Normal (
                                                  "mathlist.saty", 14, 9, 14,
                                                  10)),
                                               (UTMChars "2"))
                                              ))),
                                          false,
                                          ((Range.Normal ("mathlist.saty",
                                              14, 7, 14, 12)),
                                           (UTMList
                                              [((Range.Normal (
                                                   "mathlist.saty", 14, 7,
                                                   14, 8)),
                                                (UTMChars "′"));
                                                ((Range.Normal (
                                                    "mathlist.saty", 14, 11,
                                                    14, 12)),
                                                 (UTMChars "1"))
                                                ]))
                                          )))
                                       ]))));
                           IT:
;
                           (UTInputHorzEmbeddedMath
                              (UTMath
                                 ((Range.Normal ("mathlist.saty", 15, 6, 15,
                                     12)),
                                  (UTMList
                                     [((Range.Normal ("mathlist.saty", 15, 6,
                                          15, 12)),
                                       (UTMSuperScript (
                                          ((Range.Dummy "mathtop"),
                                           (UTMSubScript (
                                              ((Range.Normal (
                                                  "mathlist.saty", 15, 6, 15,
                                                  7)),
                                               (UTMChars "a")),
                                              false,
                                              ((Range.Normal (
                                                  "mathlist.saty", 15, 11,
                                                  15, 12)),
                                               (UTMChars "2"))
                                              ))),
                                          false,
                                          ((Range.Normal ("mathlist.saty",
                                              15, 7, 15, 10)),
                                           (UTMList
                                              [((Range.Normal (
                                                   "mathlist.saty", 15, 7,
                                                   15, 8)),
                                                (UTMChars "′"));
                                                ((Range.Normal (
                                                    "mathlist.saty", 15, 9,
                                                    15, 10)),
                                                 (UTMChars "1"))
                                                ]))
                                          )))
                                       ]))))
                           ]))
              ]),
         UTFinishHeaderFile))
      ))
   ))

;; toplevel.saty
(UTDeclareVariantIn (
   (UTMutualSynonymCons ([], (Range.Normal ("toplevel.saty", 1, 5, 1, 6)),
      "t",
      ((Range.Normal ("toplevel.saty", 1, 9, 1, 15)),
       (Types.MFuncType ([],
          ((Range.Normal ("toplevel.saty", 1, 9, 1, 10)),
           (Types.MTypeName ([], [], "a"))),
          ((Range.Normal ("toplevel.saty", 1, 14, 1, 15)),
           (Types.MTypeName ([], [], "b")))
          ))),
      (UTMutualVariantCons ([], (Range.Normal ("toplevel.saty", 2, 4, 2, 5)),
         "s",
         [((Range.Normal ("toplevel.saty", 2, 8, 2, 9)), "A",
           ((Range.Dummy "dec-constructor-unit1"),
            (Types.MTypeName ([], [], "unit"))));
           ((Range.Normal ("toplevel.saty", 2, 12, 2, 13)), "B",
            ((Range.Dummy "dec-constructor-unit1"),
             (Types.MTypeName ([], [], "unit"))))
           ],
         (UTMutualVariantCons ([],
            (Range.Normal ("toplevel.saty", 3, 4, 3, 5)), "u",
            [((Range.Normal ("toplevel.saty", 4, 4, 4, 5)), "A",
              ((Range.Dummy "dec-constructor-unit1"),
               (Types.MTypeName ([], [], "unit"))));
              ((Range.Normal ("toplevel.saty", 5, 4, 5, 5)), "B",
               ((Range.Dummy "dec-constructor-unit1"),
                (Types.MTypeName ([], [], "unit"))))
              ],
            UTEndOfMutualVariant))
         ))
      )),
   UTFinishHeaderFile))
