library:
  main_module: StdJaBook
  source_directories:
  - ./src
  test_directories: []
