library:
  main_module: StdJa
  source_directories:
  - ./src
  test_directories: []
