library:
  main_module: Itemize
  source_directories:
  - ./src
  test_directories: []
