library:
  main_module: FootnoteScheme
  source_directories:
  - ./src
  test_directories: []
