library:
  main_module: Code
  source_directories:
  - ./src
  test_directories: []
