library:
  main_module: Math
  source_directories:
  - ./src
  test_directories: []
