library:
  main_module: Testing
  source_directories:
  - ./src
  test_directories: []
