library:
  main_module: HyphEnglish
  source_directories:
  - ./src
  test_directories: []
